// Jest Snapshot v1, https://goo.gl/fbAQLP

exports[`ProductReviewsList matches snapshot 1`] = `
<ProductReviewsList
  ProductStore={ProductStore {}}
/>
`;
