// Jest Snapshot v1, https://goo.gl/fbAQLP

exports[`ProductReview matches snapshot 1`] = `
<ul
  className="list list--no-padding-left list--squared"
>
  <li>
    Lorem ipsum dolor sit amet, consectetur 
  </li>
  <li>
    Lorem ipsum dolor sit amet, consectetur adipiscing elit
  </li>
  <li>
    Lorem ipsum dolor sit amet, consectetur adipiscing 
  </li>
  <li>
    Lorem ipsum dolor
  </li>
  <li>
    Lorem ipsum dolor sit amet
  </li>
</ul>
`;
