// Jest Snapshot v1, https://goo.gl/fbAQLP

exports[`ProductReviewForm matches snapshot 1`] = `
<ProductReviewForm
  ProductStore={ProductStore {}}
/>
`;
